[tusecretoobsession.com/video/index.html]
[backblue.gif]
[fade.gif]
[index.html]
[tusecretoobsession.com/wp-includes/css/dist/block-library/style.min74e5.css]
[tusecretoobsession.com/wp-content/themes/oceanwp/assets/fonts/fontawesome/css/all.min9e0b.css]
[tusecretoobsession.com/wp-content/themes/oceanwp/assets/css/third/simple-line-icons.min8d5a.css]
[tusecretoobsession.com/wp-content/themes/oceanwp/assets/css/style.min583f.css]
[tusecretoobsession.com/wp-content/plugins/elementor/assets/lib/eicons/css/elementor-icons.min05c8.css]
[tusecretoobsession.com/wp-content/plugins/elementor/assets/css/frontend-lite.mina25a.css]
[tusecretoobsession.com/wp-content/uploads/elementor/css/post-86178.css]
[tusecretoobsession.com/wp-content/plugins/elementor-pro/assets/css/frontend-lite.min822f.css]
[tusecretoobsession.com/wp-content/uploads/elementor/css/globala4d7.css]
[tusecretoobsession.com/wp-content/uploads/elementor/css/post-17809fb.css]
[tusecretoobsession.com/wp-content/themes/oceanwp/assets/js/vendors/smoothscroll.min583f.js]
[tusecretoobsession.com/wp-includes/js/jquery/jquery.minaf6c.js]
[tusecretoobsession.com/wp-includes/js/jquery/jquery-migrate.mind617.js]
[connect.facebook.net/en_US/fbevents.js]
[tusecretoobsession.com/wp-content/uploads/2022/03/utb-1024x324.png]
[tusecretoobsession.com/wp-content/uploads/2022/03/Paypal-Hotmart-Bandeiras.png]
[tusecretoobsession.com/wp-content/plugins/elementor/assets/lib/animations/animations.mina25a.css]
[tusecretoobsession.com/wp-includes/js/imagesloaded.mineda1.js]
[tusecretoobsession.com/wp-content/themes/oceanwp/assets/js/vendors/isotope.pkgd.min7c45.js]
[tusecretoobsession.com/wp-content/themes/oceanwp/assets/js/vendors/flickity.pkgd.min583f.js]
[tusecretoobsession.com/wp-content/themes/oceanwp/assets/js/vendors/sidr583f.js]
[tusecretoobsession.com/wp-content/themes/oceanwp/assets/js/vendors/magnific-popup.min583f.js]
[tusecretoobsession.com/wp-content/themes/oceanwp/assets/js/theme.vanilla.min583f.js]
[tusecretoobsession.com/wp-content/plugins/elementor-pro/assets/js/webpack-pro.runtime.min822f.js]
[tusecretoobsession.com/wp-content/plugins/elementor/assets/js/webpack.runtime.mina25a.js]
[tusecretoobsession.com/wp-content/plugins/elementor/assets/js/frontend-modules.mina25a.js]
[tusecretoobsession.com/wp-includes/js/dist/vendor/regenerator-runtime.min3937.js]
[tusecretoobsession.com/wp-includes/js/dist/vendor/wp-polyfill.min2c7c.js]
[tusecretoobsession.com/wp-includes/js/dist/hooks.min8cbb.js]
[tusecretoobsession.com/wp-includes/js/dist/i18n.mina28b.js]
[tusecretoobsession.com/wp-content/plugins/elementor-pro/assets/js/frontend.min822f.js]
[tusecretoobsession.com/wp-content/plugins/elementor/assets/lib/waypoints/waypoints.min05da.js]
[tusecretoobsession.com/wp-includes/js/jquery/ui/core.min0028.js]
[tusecretoobsession.com/wp-content/plugins/elementor/assets/js/frontend.mina25a.js]
[tusecretoobsession.com/video/index.html]
[tusecretoobsession.com/wp-includes/css/dist/block-library/style.min74e5.css]
[tusecretoobsession.com/wp-content/themes/oceanwp/assets/fonts/fontawesome/css/all.min9e0b.css]
[tusecretoobsession.com/wp-content/themes/oceanwp/assets/css/third/simple-line-icons.min8d5a.css]
[tusecretoobsession.com/wp-content/themes/oceanwp/assets/css/style.min583f.css]
[tusecretoobsession.com/wp-content/plugins/elementor/assets/lib/eicons/css/elementor-icons.min05c8.css]
[tusecretoobsession.com/wp-content/plugins/elementor/assets/css/frontend-lite.mina25a.css]
[tusecretoobsession.com/wp-content/uploads/elementor/css/post-86178.css]
[tusecretoobsession.com/wp-content/plugins/elementor-pro/assets/css/frontend-lite.min822f.css]
[tusecretoobsession.com/wp-content/uploads/elementor/css/globala4d7.css]
[tusecretoobsession.com/wp-content/uploads/elementor/css/post-17809fb.css]
[tusecretoobsession.com/wp-content/plugins/elementor-pro/assets/js/elements-handlers.min822f.js]
[tusecretoobsession.com/video/b]
[tusecretoobsession.com/video/POST]
[connect.facebook.net/en_US/fbevents.js]
[tusecretoobsession.com/wp-content/plugins/elementor/assets/lib/animations/animations.mina25a.css]
[tusecretoobsession.com/video/b.html]
[tusecretoobsession.com/video/POST.html]
